// Jest Snapshot v1, https://goo.gl/fbAQLP

exports[`SearchResults renders correctly 1`] = `
<DocumentFragment>
  <p
    class="no-results-msg"
  >
    No results!
  </p>
</DocumentFragment>
`;
